[2023-11-01 09:54:28,323: INFO: main: welcome to application]
[2023-11-01 10:05:24,215: INFO: main: welcome to application]
[2023-11-01 10:05:39,312: INFO: main: welcome to application]
[2023-11-02 10:25:40,897: INFO: main: >>>>>> stage Data Ingestion stage started <<<<<<]
[2023-11-02 10:25:40,898: INFO: common: yaml file: config\config.yaml loaded successfully]
[2023-11-02 10:25:40,915: INFO: common: yaml file: params.yaml loaded successfully]
[2023-11-02 10:25:40,916: ERROR: main: yaml file is empty]
Traceback (most recent call last):
  File "f:\mlops\kidney-disease-classification-mlflow-dvc\src\cnnClassifier\utils\common.py", line 35, in read_yaml
    return ConfigBox(content)
  File "box\box.py", line 247, in box.box.Box.__init__
box.exceptions.BoxValueError: Cannot extrapolate Box from string

During handling of the above exception, another exception occurred:

Traceback (most recent call last):
  File "F:\MlOps\Kidney-Disease-Classification-MLflow-DVC\main.py", line 9, in <module>
    data_ingestion.main()
  File "f:\mlops\kidney-disease-classification-mlflow-dvc\src\cnnClassifier\pipeline\stage_01_data_ingestion.py", line 13, in main
    config = ConfigurationManager()
  File "f:\mlops\kidney-disease-classification-mlflow-dvc\src\cnnClassifier\config\configuration.py", line 14, in __init__
    self.params = read_yaml(params_filepath)
  File "F:\MlOps\Kidney-Disease-Classification-MLflow-DVC\.env\lib\site-packages\ensure\main.py", line 849, in __call__
    return_val = self.f(*args, **kwargs)
  File "f:\mlops\kidney-disease-classification-mlflow-dvc\src\cnnClassifier\utils\common.py", line 37, in read_yaml
    raise ValueError("yaml file is empty")
ValueError: yaml file is empty
[2023-11-02 10:27:32,504: INFO: main: >>>>>> stage Data Ingestion stage started <<<<<<]
[2023-11-02 10:27:32,505: INFO: common: yaml file: config\config.yaml loaded successfully]
[2023-11-02 10:27:32,511: INFO: common: yaml file: params.yaml loaded successfully]
[2023-11-02 10:27:32,512: INFO: common: created directory at: artifacts]
[2023-11-02 10:27:32,512: INFO: common: created directory at: artifacts/data_ingestion]
[2023-11-02 10:27:32,513: INFO: data_ingestion: Downloading data from https://drive.google.com/file/d/1ctk-BQrtyoCf2DznDSN_nHv0sN_KblMf/view?usp=sharing into file artifacts/data_ingestion/data.zip]
[2023-11-02 10:28:27,696: INFO: data_ingestion: Downloaded data from https://drive.google.com/file/d/1ctk-BQrtyoCf2DznDSN_nHv0sN_KblMf/view?usp=sharing into file artifacts/data_ingestion/data.zip]
[2023-11-02 10:28:28,659: INFO: main: >>>>>> stage Data Ingestion stage completed <<<<<<

x==========x]
[2023-11-05 13:53:26,134: INFO: main: >>>>>> stage Data Ingestion stage started <<<<<<]
[2023-11-05 13:53:26,154: INFO: common: yaml file: config\config.yaml loaded successfully]
[2023-11-05 13:53:26,174: INFO: common: yaml file: params.yaml loaded successfully]
[2023-11-05 13:53:26,174: INFO: common: created directory at: artifacts]
[2023-11-05 13:53:26,174: INFO: common: created directory at: artifacts/data_ingestion]
[2023-11-05 13:53:26,175: INFO: data_ingestion: Downloading data from https://drive.google.com/file/d/1ctk-BQrtyoCf2DznDSN_nHv0sN_KblMf/view?usp=sharing into file artifacts/data_ingestion/data.zip]
[2023-11-05 13:57:08,034: INFO: data_ingestion: Downloaded data from https://drive.google.com/file/d/1ctk-BQrtyoCf2DznDSN_nHv0sN_KblMf/view?usp=sharing into file artifacts/data_ingestion/data.zip]
[2023-11-05 13:57:08,838: INFO: main: >>>>>> stage Data Ingestion stage completed <<<<<<

x==========x]
[2023-11-05 13:57:08,838: INFO: main: *******************]
[2023-11-05 13:57:08,839: INFO: main: >>>>>> stage Prepare base model started <<<<<<]
[2023-11-05 13:57:08,841: INFO: common: yaml file: config\config.yaml loaded successfully]
[2023-11-05 13:57:08,842: INFO: common: yaml file: params.yaml loaded successfully]
[2023-11-05 13:57:08,843: INFO: common: created directory at: artifacts]
[2023-11-05 13:57:08,843: INFO: common: created directory at: artifacts/prepare_base_model]
[2023-11-05 13:59:14,530: WARNING: saving_utils: Compiled the loaded model, but the compiled metrics have yet to be built. `model.compile_metrics` will be empty until you train or evaluate the model.]
[2023-11-05 13:59:14,790: INFO: main: >>>>>> stage Prepare base model completed <<<<<<

x==========x] 
[2023-11-05 21:19:24,019: INFO: main: *******************]
[2023-11-05 21:19:24,029: INFO: main: >>>>>> stage Training started <<<<<<]
[2023-11-05 21:19:24,031: INFO: common: yaml file: config\config.yaml loaded successfully]
[2023-11-05 21:19:24,047: INFO: common: yaml file: params.yaml loaded successfully]
[2023-11-05 21:19:24,063: INFO: common: created directory at: artifacts]
[2023-11-05 21:19:24,063: ERROR: main: 'ConfigurationManager' object has no attribute 'get_training_config']
Traceback (most recent call last):
  File "F:\MlOps\Kidney-Disease-Classification-MLflow-DVC\main.py", line 34, in <module>
    model_trainer.main()
  File "f:\mlops\kidney-disease-classification-mlflow-dvc\src\cnnClassifier\pipeline\stage_03_model_training.py", line 17, in main
    training_config = config.get_training_config()
AttributeError: 'ConfigurationManager' object has no attribute 'get_training_config'
[2023-11-05 21:21:54,757: INFO: main: *******************]
[2023-11-05 21:21:54,757: INFO: main: >>>>>> stage Training started <<<<<<]
[2023-11-05 21:21:54,760: INFO: common: yaml file: config\config.yaml loaded successfully]
[2023-11-05 21:21:54,761: INFO: common: yaml file: params.yaml loaded successfully]
[2023-11-05 21:21:54,762: INFO: common: created directory at: artifacts]
[2023-11-05 21:21:54,762: INFO: common: created directory at: artifacts\training]
[2023-11-05 21:21:59,180: ERROR: main: [WinError 3] The system cannot find the path specified: 'artifacts\\data_ingestion\\kidney-ct-scan-image']
Traceback (most recent call last):
  File "F:\MlOps\Kidney-Disease-Classification-MLflow-DVC\main.py", line 34, in <module>
    model_trainer.main()
  File "f:\mlops\kidney-disease-classification-mlflow-dvc\src\cnnClassifier\pipeline\stage_03_model_training.py", line 20, in main
    training.train_valid_generator()
  File "f:\mlops\kidney-disease-classification-mlflow-dvc\src\cnnClassifier\components\model_training.py", line 37, in train_valid_generator
    self.valid_generator = valid_datagenerator.flow_from_directory(
  File "F:\MlOps\Kidney-Disease-Classification-MLflow-DVC\.env\lib\site-packages\keras\preprocessing\image.py", line 1648, in flow_from_directory
    return DirectoryIterator(
  File "F:\MlOps\Kidney-Disease-Classification-MLflow-DVC\.env\lib\site-packages\keras\preprocessing\image.py", line 563, in __init__
    for subdir in sorted(os.listdir(directory)):
FileNotFoundError: [WinError 3] The system cannot find the path specified: 'artifacts\\data_ingestion\\kidney-ct-scan-image'
[2023-11-05 21:23:30,368: INFO: main: *******************]
[2023-11-05 21:23:30,368: INFO: main: >>>>>> stage Training started <<<<<<]
[2023-11-05 21:23:30,371: INFO: common: yaml file: config\config.yaml loaded successfully]
[2023-11-05 21:23:30,372: INFO: common: yaml file: params.yaml loaded successfully]
[2023-11-05 21:23:30,373: INFO: common: created directory at: artifacts]
[2023-11-05 21:23:30,373: INFO: common: created directory at: artifacts\training]
[2023-11-05 21:26:04,820: INFO: main: >>>>>> stage Training completed <<<<<<

x==========x]
[2023-11-06 09:30:50,389: INFO: main: *******************]
[2023-11-06 09:30:50,401: INFO: main: >>>>>> stage Evaluation stage started <<<<<<]
[2023-11-06 09:30:50,403: INFO: common: yaml file: config\config.yaml loaded successfully]
[2023-11-06 09:30:50,445: INFO: common: yaml file: params.yaml loaded successfully]
[2023-11-06 09:30:50,446: INFO: common: created directory at: artifacts]
[2023-11-06 09:31:34,037: INFO: common: json file saved at: scores.json]
[2023-11-06 09:31:34,039: INFO: common: json file saved at: scores.json]
[2023-11-06 09:31:34,040: INFO: main: >>>>>> stage Evaluation stage completed <<<<<<

x==========x]
[2023-11-06 11:06:03,461: INFO: main: *******************]
[2023-11-06 11:06:03,474: INFO: main: >>>>>> stage Evaluation stage started <<<<<<]
[2023-11-06 11:06:03,476: INFO: common: yaml file: config\config.yaml loaded successfully]
[2023-11-06 11:06:03,489: INFO: common: yaml file: params.yaml loaded successfully]
[2023-11-06 11:06:03,490: INFO: common: created directory at: artifacts]
[2023-11-06 11:06:48,429: INFO: common: json file saved at: scores.json]
[2023-11-06 11:06:48,430: INFO: common: json file saved at: scores.json]
[2023-11-06 11:06:48,430: INFO: main: >>>>>> stage Evaluation stage completed <<<<<<

x==========x]
[2023-11-06 11:13:37,764: INFO: main: *******************]
[2023-11-06 11:13:37,765: INFO: main: >>>>>> stage Evaluation stage started <<<<<<]
[2023-11-06 11:13:37,766: INFO: common: yaml file: config\config.yaml loaded successfully]
[2023-11-06 11:13:37,768: INFO: common: yaml file: params.yaml loaded successfully]
[2023-11-06 11:13:37,768: INFO: common: created directory at: artifacts]
[2023-11-06 11:14:15,041: INFO: common: json file saved at: scores.json]
[2023-11-06 11:14:15,043: INFO: common: json file saved at: scores.json]
[2023-11-06 11:14:18,334: WARNING: save: Found untraced functions such as _jit_compiled_convolution_op, _jit_compiled_convolution_op, _jit_compiled_convolution_op, _jit_compiled_convolution_op, _jit_compiled_convolution_op while saving (showing 5 of 14). These functions will not be directly callable after loading.]
[2023-11-06 11:14:19,811: INFO: builder_impl: Assets written to: C:\Users\User\AppData\Local\Temp\tmp9ydccat0\model\data\model\assets]
[2023-11-06 11:14:37,656: INFO: main: >>>>>> stage Evaluation stage completed <<<<<<

x==========x]
[2023-11-06 11:23:16,523: INFO: main: >>>>>> stage Data Ingestion stage started <<<<<<]
[2023-11-06 11:23:16,525: INFO: common: yaml file: config\config.yaml loaded successfully]
[2023-11-06 11:23:16,527: INFO: common: yaml file: params.yaml loaded successfully]
[2023-11-06 11:23:16,527: INFO: common: created directory at: artifacts]
[2023-11-06 11:23:16,528: INFO: common: created directory at: artifacts/data_ingestion]
[2023-11-06 11:23:16,528: INFO: data_ingestion: Downloading data from https://drive.google.com/file/d/1ctk-BQrtyoCf2DznDSN_nHv0sN_KblMf/view?usp=sharing into file artifacts/data_ingestion/data.zip]
[2023-11-06 11:24:18,724: INFO: data_ingestion: Downloaded data from https://drive.google.com/file/d/1ctk-BQrtyoCf2DznDSN_nHv0sN_KblMf/view?usp=sharing into file artifacts/data_ingestion/data.zip]
[2023-11-06 11:24:19,488: INFO: main: >>>>>> stage Data Ingestion stage completed <<<<<<

x==========x]
[2023-11-06 11:24:19,488: INFO: main: *******************]
[2023-11-06 11:24:19,488: INFO: main: >>>>>> stage Prepare base model started <<<<<<]
[2023-11-06 11:24:19,490: INFO: common: yaml file: config\config.yaml loaded successfully]
[2023-11-06 11:24:19,492: INFO: common: yaml file: params.yaml loaded successfully]
[2023-11-06 11:24:19,492: INFO: common: created directory at: artifacts]
[2023-11-06 11:24:19,493: INFO: common: created directory at: artifacts/prepare_base_model]
[2023-11-06 11:24:20,272: WARNING: saving_utils: Compiled the loaded model, but the compiled metrics have yet to be built. `model.compile_metrics` will be empty until you train or evaluate the model.]
[2023-11-06 11:24:20,708: INFO: main: >>>>>> stage Prepare base model completed <<<<<<

x==========x]
[2023-11-06 11:24:20,708: INFO: main: *******************]
[2023-11-06 11:24:20,708: INFO: main: >>>>>> stage Training started <<<<<<]
[2023-11-06 11:24:20,711: INFO: common: yaml file: config\config.yaml loaded successfully]
[2023-11-06 11:24:20,712: INFO: common: yaml file: params.yaml loaded successfully]
[2023-11-06 11:24:20,713: INFO: common: created directory at: artifacts]
[2023-11-06 11:24:20,714: INFO: common: created directory at: artifacts\training]
[2023-11-06 11:26:38,258: INFO: main: >>>>>> stage Training completed <<<<<<

x==========x]
[2023-11-06 11:26:38,259: INFO: main: *******************]
[2023-11-06 11:26:38,260: INFO: main: >>>>>> stage Evaluation stage started <<<<<<]
[2023-11-06 11:26:38,265: INFO: common: yaml file: config\config.yaml loaded successfully]
[2023-11-06 11:26:38,270: INFO: common: yaml file: params.yaml loaded successfully]
[2023-11-06 11:26:38,271: INFO: common: created directory at: artifacts]
[2023-11-06 11:27:23,343: INFO: common: json file saved at: scores.json]
[2023-11-06 11:27:23,344: INFO: common: json file saved at: scores.json]
[2023-11-06 11:27:39,157: WARNING: save: Found untraced functions such as _jit_compiled_convolution_op, _jit_compiled_convolution_op, _jit_compiled_convolution_op, _jit_compiled_convolution_op, _jit_compiled_convolution_op while saving (showing 5 of 14). These functions will not be directly callable after loading.]
[2023-11-06 11:27:39,984: INFO: builder_impl: Assets written to: C:\Users\User\AppData\Local\Temp\tmp90yipwy_\model\data\model\assets]
[2023-11-06 11:30:57,765: INFO: main: >>>>>> stage Evaluation stage completed <<<<<<

x==========x]
[2023-11-06 11:38:13,914: INFO: main: >>>>>> stage Data Ingestion stage started <<<<<<]
[2023-11-06 11:38:13,916: INFO: common: yaml file: config\config.yaml loaded successfully]
[2023-11-06 11:38:13,922: INFO: common: yaml file: params.yaml loaded successfully]
[2023-11-06 11:38:13,923: INFO: common: created directory at: artifacts]
[2023-11-06 11:38:13,923: INFO: common: created directory at: artifacts/data_ingestion]
[2023-11-06 11:38:13,924: INFO: data_ingestion: Downloading data from https://drive.google.com/file/d/1ctk-BQrtyoCf2DznDSN_nHv0sN_KblMf/view?usp=sharing into file artifacts/data_ingestion/data.zip]
[2023-11-06 11:39:49,665: INFO: data_ingestion: Downloaded data from https://drive.google.com/file/d/1ctk-BQrtyoCf2DznDSN_nHv0sN_KblMf/view?usp=sharing into file artifacts/data_ingestion/data.zip]
[2023-11-06 11:39:50,452: INFO: main: >>>>>> stage Data Ingestion stage completed <<<<<<

x==========x]
[2023-11-06 11:39:50,453: INFO: main: *******************]
[2023-11-06 11:39:50,453: INFO: main: >>>>>> stage Prepare base model started <<<<<<]
[2023-11-06 11:39:50,455: INFO: common: yaml file: config\config.yaml loaded successfully]
[2023-11-06 11:39:50,457: INFO: common: yaml file: params.yaml loaded successfully]
[2023-11-06 11:39:50,458: INFO: common: created directory at: artifacts]
[2023-11-06 11:39:50,458: INFO: common: created directory at: artifacts/prepare_base_model]
[2023-11-06 11:39:51,016: WARNING: saving_utils: Compiled the loaded model, but the compiled metrics have yet to be built. `model.compile_metrics` will be empty until you train or evaluate the model.]
[2023-11-06 11:39:51,256: INFO: main: >>>>>> stage Prepare base model completed <<<<<<

x==========x]
[2023-11-06 11:39:51,257: INFO: main: *******************]
[2023-11-06 11:39:51,257: INFO: main: >>>>>> stage Training started <<<<<<]
[2023-11-06 11:39:51,259: INFO: common: yaml file: config\config.yaml loaded successfully]
[2023-11-06 11:39:51,261: INFO: common: yaml file: params.yaml loaded successfully]
[2023-11-06 11:39:51,262: INFO: common: created directory at: artifacts]
[2023-11-06 11:39:51,262: INFO: common: created directory at: artifacts\training]
[2023-11-06 11:44:34,040: INFO: main: >>>>>> stage Training completed <<<<<<

x==========x]
[2023-11-06 11:44:34,042: INFO: main: *******************]
[2023-11-06 11:44:34,043: INFO: main: >>>>>> stage Evaluation stage started <<<<<<]
[2023-11-06 11:44:34,047: INFO: common: yaml file: config\config.yaml loaded successfully]
[2023-11-06 11:44:34,051: INFO: common: yaml file: params.yaml loaded successfully]
[2023-11-06 11:44:34,052: INFO: common: created directory at: artifacts]
[2023-11-06 11:45:18,033: INFO: common: json file saved at: scores.json]
[2023-11-06 11:45:18,035: INFO: common: json file saved at: scores.json]
[2023-11-06 11:45:37,013: WARNING: save: Found untraced functions such as _jit_compiled_convolution_op, _jit_compiled_convolution_op, _jit_compiled_convolution_op, _jit_compiled_convolution_op, _jit_compiled_convolution_op while saving (showing 5 of 14). These functions will not be directly callable after loading.]
[2023-11-06 11:45:37,753: INFO: builder_impl: Assets written to: C:\Users\User\AppData\Local\Temp\tmp65_fwsoa\model\data\model\assets]
[2023-11-06 11:48:43,053: INFO: main: >>>>>> stage Evaluation stage completed <<<<<<

x==========x]
[2023-11-08 09:31:07,976: INFO: stage_01_data_ingestion: >>>>>> stage Data Ingestion stage started <<<<<<]
[2023-11-08 09:31:08,006: INFO: common: yaml file: config\config.yaml loaded successfully]
[2023-11-08 09:31:08,063: INFO: common: yaml file: params.yaml loaded successfully]
[2023-11-08 09:31:08,064: INFO: common: created directory at: artifacts]
[2023-11-08 09:31:08,065: INFO: common: created directory at: artifacts/data_ingestion]
[2023-11-08 09:31:08,065: INFO: data_ingestion: Downloading data from https://drive.google.com/file/d/1ctk-BQrtyoCf2DznDSN_nHv0sN_KblMf/view?usp=sharing into file artifacts/data_ingestion/data.zip]
[2023-11-08 09:34:36,049: INFO: data_ingestion: Downloaded data from https://drive.google.com/file/d/1ctk-BQrtyoCf2DznDSN_nHv0sN_KblMf/view?usp=sharing into file artifacts/data_ingestion/data.zip]
[2023-11-08 09:34:37,418: INFO: stage_01_data_ingestion: >>>>>> stage Data Ingestion stage completed <<<<<<

x==========x]
[2023-11-08 09:51:59,620: INFO: stage_01_data_ingestion: >>>>>> stage Data Ingestion stage started <<<<<<]
[2023-11-08 09:51:59,622: INFO: common: yaml file: config\config.yaml loaded successfully]
[2023-11-08 09:51:59,624: INFO: common: yaml file: params.yaml loaded successfully]
[2023-11-08 09:51:59,624: INFO: common: created directory at: artifacts]
[2023-11-08 09:51:59,625: INFO: common: created directory at: artifacts/data_ingestion]
[2023-11-08 09:51:59,625: INFO: data_ingestion: Downloading data from https://drive.google.com/file/d/1ctk-BQrtyoCf2DznDSN_nHv0sN_KblMf/view?usp=sharing into file artifacts/data_ingestion/data.zip]
[2023-11-08 09:53:08,198: INFO: data_ingestion: Downloaded data from https://drive.google.com/file/d/1ctk-BQrtyoCf2DznDSN_nHv0sN_KblMf/view?usp=sharing into file artifacts/data_ingestion/data.zip]
[2023-11-08 09:53:09,081: INFO: stage_01_data_ingestion: >>>>>> stage Data Ingestion stage completed <<<<<<

x==========x]
[2023-11-08 09:54:06,055: INFO: stage_02_prepare_base_model: *******************]
[2023-11-08 09:54:06,056: INFO: stage_02_prepare_base_model: >>>>>> stage Prepare base model started <<<<<<]
[2023-11-08 09:54:06,058: INFO: common: yaml file: config\config.yaml loaded successfully]
[2023-11-08 09:54:06,060: INFO: common: yaml file: params.yaml loaded successfully]
[2023-11-08 09:54:06,060: INFO: common: created directory at: artifacts]
[2023-11-08 09:54:06,061: INFO: common: created directory at: artifacts/prepare_base_model]
[2023-11-08 09:54:10,337: WARNING: saving_utils: Compiled the loaded model, but the compiled metrics have yet to be built. `model.compile_metrics` will be empty until you train or evaluate the model.]
[2023-11-08 09:54:10,682: INFO: stage_02_prepare_base_model: >>>>>> stage Prepare base model completed <<<<<<

x==========x]
[2023-11-08 09:54:18,265: INFO: stage_03_model_training: *******************]
[2023-11-08 09:54:18,266: INFO: stage_03_model_training: >>>>>> stage Training started <<<<<<]
[2023-11-08 09:54:18,268: INFO: common: yaml file: config\config.yaml loaded successfully]
[2023-11-08 09:54:18,269: INFO: common: yaml file: params.yaml loaded successfully]
[2023-11-08 09:54:18,270: INFO: common: created directory at: artifacts]
[2023-11-08 09:54:18,271: INFO: common: created directory at: artifacts\training]
[2023-11-08 09:59:15,636: INFO: stage_03_model_training: >>>>>> stage Training completed <<<<<<

x==========x]
[2023-11-08 09:59:27,687: INFO: stage_04_model_evaluation: *******************]
[2023-11-08 09:59:27,688: INFO: stage_04_model_evaluation: >>>>>> stage Evaluation stage started <<<<<<]
[2023-11-08 09:59:27,690: INFO: common: yaml file: config\config.yaml loaded successfully]
[2023-11-08 09:59:27,691: INFO: common: yaml file: params.yaml loaded successfully]
[2023-11-08 09:59:27,692: INFO: common: created directory at: artifacts]
[2023-11-08 10:00:12,441: INFO: common: json file saved at: scores.json]
[2023-11-08 10:00:12,443: INFO: common: json file saved at: scores.json]
[2023-11-08 10:00:12,444: INFO: stage_04_model_evaluation: >>>>>> stage Evaluation stage completed <<<<<<

x==========x]
[2023-11-08 10:05:59,596: INFO: stage_02_prepare_base_model: *******************]
[2023-11-08 10:05:59,596: INFO: stage_02_prepare_base_model: >>>>>> stage Prepare base model started <<<<<<]
[2023-11-08 10:05:59,598: INFO: common: yaml file: config\config.yaml loaded successfully]
[2023-11-08 10:05:59,600: INFO: common: yaml file: params.yaml loaded successfully]
[2023-11-08 10:05:59,600: INFO: common: created directory at: artifacts]
[2023-11-08 10:05:59,600: INFO: common: created directory at: artifacts/prepare_base_model]
[2023-11-08 10:06:00,048: WARNING: saving_utils: Compiled the loaded model, but the compiled metrics have yet to be built. `model.compile_metrics` will be empty until you train or evaluate the model.]
[2023-11-08 10:06:00,265: INFO: stage_02_prepare_base_model: >>>>>> stage Prepare base model completed <<<<<<

x==========x]
[2023-11-08 10:06:07,351: INFO: stage_03_model_training: *******************]
[2023-11-08 10:06:07,352: INFO: stage_03_model_training: >>>>>> stage Training started <<<<<<]
[2023-11-08 10:06:07,354: INFO: common: yaml file: config\config.yaml loaded successfully]
[2023-11-08 10:06:07,356: INFO: common: yaml file: params.yaml loaded successfully]
[2023-11-08 10:06:07,356: INFO: common: created directory at: artifacts]
[2023-11-08 10:06:07,357: INFO: common: created directory at: artifacts\training]
[2023-11-08 10:13:36,151: INFO: stage_03_model_training: >>>>>> stage Training completed <<<<<<

x==========x]
[2023-11-08 10:13:45,002: INFO: stage_04_model_evaluation: *******************]
[2023-11-08 10:13:45,002: INFO: stage_04_model_evaluation: >>>>>> stage Evaluation stage started <<<<<<]
[2023-11-08 10:13:45,004: INFO: common: yaml file: config\config.yaml loaded successfully]
[2023-11-08 10:13:45,006: INFO: common: yaml file: params.yaml loaded successfully]
[2023-11-08 10:13:45,007: INFO: common: created directory at: artifacts]
[2023-11-08 10:14:30,893: INFO: common: json file saved at: scores.json]
[2023-11-08 10:14:30,896: INFO: common: json file saved at: scores.json]
[2023-11-08 10:14:30,896: INFO: stage_04_model_evaluation: >>>>>> stage Evaluation stage completed <<<<<<

x==========x]
[2023-11-08 10:33:31,619: INFO: _internal: [31m[1mWARNING: This is a development server. Do not use it in a production deployment. Use a production WSGI server instead.[0m
 * Running on all addresses (0.0.0.0)
 * Running on http://127.0.0.1:8080
 * Running on http://192.168.8.196:8080]
[2023-11-08 10:33:31,620: INFO: _internal: [33mPress CTRL+C to quit[0m]
[2023-11-08 10:33:37,111: INFO: _internal: 127.0.0.1 - - [08/Nov/2023 10:33:37] "GET / HTTP/1.1" 200 -]
[2023-11-08 10:34:06,212: ERROR: app: Exception on /predict [POST]]
Traceback (most recent call last):
  File "F:\MlOps\Kidney-Disease-Classification-MLflow-DVC\.env\lib\site-packages\flask\app.py", line 2190, in wsgi_app
    response = self.full_dispatch_request()
  File "F:\MlOps\Kidney-Disease-Classification-MLflow-DVC\.env\lib\site-packages\flask\app.py", line 1486, in full_dispatch_request
    rv = self.handle_user_exception(e)
  File "F:\MlOps\Kidney-Disease-Classification-MLflow-DVC\.env\lib\site-packages\flask_cors\extension.py", line 176, in wrapped_function
    return cors_after_request(app.make_response(f(*args, **kwargs)))
  File "F:\MlOps\Kidney-Disease-Classification-MLflow-DVC\.env\lib\site-packages\flask\app.py", line 1484, in full_dispatch_request
    rv = self.dispatch_request()
  File "F:\MlOps\Kidney-Disease-Classification-MLflow-DVC\.env\lib\site-packages\flask\app.py", line 1469, in dispatch_request
    return self.ensure_sync(self.view_functions[rule.endpoint])(**view_args)
  File "F:\MlOps\Kidney-Disease-Classification-MLflow-DVC\.env\lib\site-packages\flask_cors\decorator.py", line 130, in wrapped_function
    resp = make_response(f(*args, **kwargs))
  File "F:\MlOps\Kidney-Disease-Classification-MLflow-DVC\app.py", line 44, in predictRoute
    result = clApp.classifier.predict()
  File "f:\mlops\kidney-disease-classification-mlflow-dvc\src\cnnClassifier\pipeline\prediction.py", line 15, in predict
    model = load_model(os.path.join("model", "model.h5"))
  File "F:\MlOps\Kidney-Disease-Classification-MLflow-DVC\.env\lib\site-packages\keras\saving\saving_api.py", line 212, in load_model
    return legacy_sm_saving_lib.load_model(
  File "F:\MlOps\Kidney-Disease-Classification-MLflow-DVC\.env\lib\site-packages\keras\utils\traceback_utils.py", line 70, in error_handler
    raise e.with_traceback(filtered_tb) from None
  File "F:\MlOps\Kidney-Disease-Classification-MLflow-DVC\.env\lib\site-packages\keras\saving\legacy\save.py", line 230, in load_model
    raise IOError(
OSError: No file or directory found at model\model.h5
[2023-11-08 10:34:06,251: INFO: _internal: 127.0.0.1 - - [08/Nov/2023 10:34:06] "[35m[1mPOST /predict HTTP/1.1[0m" 500 -]
[2023-11-08 10:36:34,782: INFO: _internal: [31m[1mWARNING: This is a development server. Do not use it in a production deployment. Use a production WSGI server instead.[0m
 * Running on all addresses (0.0.0.0)
 * Running on http://127.0.0.1:8080
 * Running on http://192.168.8.196:8080]
[2023-11-08 10:36:34,783: INFO: _internal: [33mPress CTRL+C to quit[0m]
[2023-11-08 10:36:39,375: INFO: _internal: 127.0.0.1 - - [08/Nov/2023 10:36:39] "GET / HTTP/1.1" 200 -]
[2023-11-08 10:36:47,663: INFO: _internal: 127.0.0.1 - - [08/Nov/2023 10:36:47] "POST /predict HTTP/1.1" 200 -]
[2023-11-08 10:37:02,466: INFO: _internal: 127.0.0.1 - - [08/Nov/2023 10:37:02] "POST /predict HTTP/1.1" 200 -]
